// Jest Snapshot v1, https://goo.gl/fbAQLP

exports[`Should get list of deployments 1`] = `
Array [
  Object {
    "domain": "test.host",
    "host": "Not set",
    "name": "test",
    "project": "test",
    "status": "Up 10 minutes",
    "type": "Container",
  },
  Object {
    "domain": "Not set",
    "host": "Not set",
    "name": "test2",
    "project": "test",
    "status": "Up 12 minutes",
    "type": "Container",
  },
  Object {
    "domain": "Not set",
    "host": "Not set",
    "name": "test3",
    "project": "other",
    "status": "Up 13 minutes",
    "type": "Container",
  },
  Object {
    "domain": "Not set",
    "host": "alias4",
    "name": "test4",
    "project": "somethingelse",
    "status": "Up 10 minutes",
    "type": "Container",
  },
]
`;

exports[`Should get list of swarm deployments 1`] = `
Array [
  Object {
    "domain": "Not set",
    "host": "Not set",
    "name": "test-service-one",
    "project": "test-service",
    "status": "",
  },
  Object {
    "domain": "test.host",
    "host": "test.host",
    "name": "test-service-two",
    "project": "test-service",
    "status": "",
  },
  Object {
    "domain": "other.domain",
    "host": "Not set",
    "name": "test-service-three",
    "project": "test-project",
    "status": "",
  },
]
`;
