// Jest Snapshot v1, https://goo.gl/fbAQLP

exports[`Should get secret value 1`] = `
Object {
  "meta": Object {
    "created": "2018-02-01T01:01:01.001Z",
  },
  "secretName": "test",
  "secretValue": "12345",
}
`;

exports[`Should list secrets 1`] = `
Array [
  Object {
    "meta": Object {
      "created": "2017-02-01T01:01:01.001Z",
    },
    "name": "test",
  },
]
`;
