// Jest Snapshot v1, https://goo.gl/fbAQLP

exports[`Should execute recipe 1`] = `
Object {
  "log": Array [
    Object {
      "level": "info",
      "message": "1",
    },
    Object {
      "level": "info",
      "message": "2",
    },
    Object {
      "level": "debug",
      "message": "3",
    },
  ],
}
`;

exports[`Should get questions for recipe 1`] = `
Object {
  "log": Array [
    "1",
    "2",
    "3",
  ],
  "questions": Array [
    Object {
      "message": "Test q1:",
      "name": "test1",
      "type": "input",
    },
    Object {
      "message": "Test q2:",
      "name": "test2",
      "type": "input",
    },
  ],
}
`;
